// Jest Snapshot v1, https://goo.gl/fbAQLP

exports[`<Input /> should render correctly 1`] = `
<input
  className="className"
  placeholder="Search"
  value="Search"
/>
`;
