// Jest Snapshot v1, https://goo.gl/fbAQLP

exports[`<MenuItem /> should show spinner correctly 1`] = `
<div
  className="MenuItem-container"
>
  
</div>
`;
