// Jest Snapshot v1, https://goo.gl/fbAQLP

exports[`<NotFound /> should show spinner correctly 1`] = `
<div
  className="NotFound-container"
>
  <b>
    Page not found
  </b>
</div>
`;
